Archive member included to satisfy reference by file (symbol)

/opt/st/stm32cubeide_1.12.1/plugins/com.st.stm32cube.ide.mcu.externaltools.gnu-tools-for-stm32.10.3-2021.10.linux64_1.0.200.202301161003/tools/bin/../lib/gcc/arm-none-eabi/10.3.1/../../../../arm-none-eabi/lib/thumb/v7e-m+fp/hard/libc_nano.a(lib_a-errno.o)
                              ./Core/Src/syscalls.o (__errno)
/opt/st/stm32cubeide_1.12.1/plugins/com.st.stm32cube.ide.mcu.externaltools.gnu-tools-for-stm32.10.3-2021.10.linux64_1.0.200.202301161003/tools/bin/../lib/gcc/arm-none-eabi/10.3.1/../../../../arm-none-eabi/lib/thumb/v7e-m+fp/hard/libc_nano.a(lib_a-exit.o)
                              /opt/st/stm32cubeide_1.12.1/plugins/com.st.stm32cube.ide.mcu.externaltools.gnu-tools-for-stm32.10.3-2021.10.linux64_1.0.200.202301161003/tools/bin/../lib/gcc/arm-none-eabi/10.3.1/../../../../arm-none-eabi/lib/thumb/v7e-m+fp/hard/crt0.o (exit)
/opt/st/stm32cubeide_1.12.1/plugins/com.st.stm32cube.ide.mcu.externaltools.gnu-tools-for-stm32.10.3-2021.10.linux64_1.0.200.202301161003/tools/bin/../lib/gcc/arm-none-eabi/10.3.1/../../../../arm-none-eabi/lib/thumb/v7e-m+fp/hard/libc_nano.a(lib_a-impure.o)
                              /opt/st/stm32cubeide_1.12.1/plugins/com.st.stm32cube.ide.mcu.externaltools.gnu-tools-for-stm32.10.3-2021.10.linux64_1.0.200.202301161003/tools/bin/../lib/gcc/arm-none-eabi/10.3.1/../../../../arm-none-eabi/lib/thumb/v7e-m+fp/hard/libc_nano.a(lib_a-exit.o) (_global_impure_ptr)
/opt/st/stm32cubeide_1.12.1/plugins/com.st.stm32cube.ide.mcu.externaltools.gnu-tools-for-stm32.10.3-2021.10.linux64_1.0.200.202301161003/tools/bin/../lib/gcc/arm-none-eabi/10.3.1/../../../../arm-none-eabi/lib/thumb/v7e-m+fp/hard/libc_nano.a(lib_a-init.o)
                              /opt/st/stm32cubeide_1.12.1/plugins/com.st.stm32cube.ide.mcu.externaltools.gnu-tools-for-stm32.10.3-2021.10.linux64_1.0.200.202301161003/tools/bin/../lib/gcc/arm-none-eabi/10.3.1/../../../../arm-none-eabi/lib/thumb/v7e-m+fp/hard/crt0.o (__libc_init_array)
/opt/st/stm32cubeide_1.12.1/plugins/com.st.stm32cube.ide.mcu.externaltools.gnu-tools-for-stm32.10.3-2021.10.linux64_1.0.200.202301161003/tools/bin/../lib/gcc/arm-none-eabi/10.3.1/../../../../arm-none-eabi/lib/thumb/v7e-m+fp/hard/libc_nano.a(lib_a-memset.o)
                              /opt/st/stm32cubeide_1.12.1/plugins/com.st.stm32cube.ide.mcu.externaltools.gnu-tools-for-stm32.10.3-2021.10.linux64_1.0.200.202301161003/tools/bin/../lib/gcc/arm-none-eabi/10.3.1/../../../../arm-none-eabi/lib/thumb/v7e-m+fp/hard/crt0.o (memset)
/opt/st/stm32cubeide_1.12.1/plugins/com.st.stm32cube.ide.mcu.externaltools.gnu-tools-for-stm32.10.3-2021.10.linux64_1.0.200.202301161003/tools/bin/../lib/gcc/arm-none-eabi/10.3.1/thumb/v7e-m+fp/hard/libgcc.a(_aeabi_uldivmod.o)
                              ./Drivers/STM32F7xx_HAL_Driver/Src/stm32f7xx_hal_rcc.o (__aeabi_uldivmod)
/opt/st/stm32cubeide_1.12.1/plugins/com.st.stm32cube.ide.mcu.externaltools.gnu-tools-for-stm32.10.3-2021.10.linux64_1.0.200.202301161003/tools/bin/../lib/gcc/arm-none-eabi/10.3.1/thumb/v7e-m+fp/hard/libgcc.a(_udivmoddi4.o)
                              /opt/st/stm32cubeide_1.12.1/plugins/com.st.stm32cube.ide.mcu.externaltools.gnu-tools-for-stm32.10.3-2021.10.linux64_1.0.200.202301161003/tools/bin/../lib/gcc/arm-none-eabi/10.3.1/thumb/v7e-m+fp/hard/libgcc.a(_aeabi_uldivmod.o) (__udivmoddi4)
/opt/st/stm32cubeide_1.12.1/plugins/com.st.stm32cube.ide.mcu.externaltools.gnu-tools-for-stm32.10.3-2021.10.linux64_1.0.200.202301161003/tools/bin/../lib/gcc/arm-none-eabi/10.3.1/thumb/v7e-m+fp/hard/libgcc.a(_dvmd_tls.o)
                              /opt/st/stm32cubeide_1.12.1/plugins/com.st.stm32cube.ide.mcu.externaltools.gnu-tools-for-stm32.10.3-2021.10.linux64_1.0.200.202301161003/tools/bin/../lib/gcc/arm-none-eabi/10.3.1/thumb/v7e-m+fp/hard/libgcc.a(_aeabi_uldivmod.o) (__aeabi_ldiv0)

Discarded input sections

 .text          0x0000000000000000        0x0 /opt/st/stm32cubeide_1.12.1/plugins/com.st.stm32cube.ide.mcu.externaltools.gnu-tools-for-stm32.10.3-2021.10.linux64_1.0.200.202301161003/tools/bin/../lib/gcc/arm-none-eabi/10.3.1/thumb/v7e-m+fp/hard/crti.o
 .data          0x0000000000000000        0x0 /opt/st/stm32cubeide_1.12.1/plugins/com.st.stm32cube.ide.mcu.externaltools.gnu-tools-for-stm32.10.3-2021.10.linux64_1.0.200.202301161003/tools/bin/../lib/gcc/arm-none-eabi/10.3.1/thumb/v7e-m+fp/hard/crti.o
 .bss           0x0000000000000000        0x0 /opt/st/stm32cubeide_1.12.1/plugins/com.st.stm32cube.ide.mcu.externaltools.gnu-tools-for-stm32.10.3-2021.10.linux64_1.0.200.202301161003/tools/bin/../lib/gcc/arm-none-eabi/10.3.1/thumb/v7e-m+fp/hard/crti.o
 .data          0x0000000000000000        0x4 /opt/st/stm32cubeide_1.12.1/plugins/com.st.stm32cube.ide.mcu.externaltools.gnu-tools-for-stm32.10.3-2021.10.linux64_1.0.200.202301161003/tools/bin/../lib/gcc/arm-none-eabi/10.3.1/thumb/v7e-m+fp/hard/crtbegin.o
[...]
Memory Configuration

Name             Origin             Length             Attributes
RAM              0x0000000020000000 0x0000000000050000 xrw
FLASH            0x0000000008000000 0x0000000000010000 xr
*default*        0x0000000000000000 0xffffffffffffffff

Linker script and memory map

LOAD /opt/st/stm32cubeide_1.12.1/plugins/com.st.stm32cube.ide.mcu.externaltools.gnu-tools-for-stm32.10.3-2021.10.linux64_1.0.200.202301161003/tools/bin/../lib/gcc/arm-none-eabi/10.3.1/thumb/v7e-m+fp/hard/crti.o
LOAD /opt/st/stm32cubeide_1.12.1/plugins/com.st.stm32cube.ide.mcu.externaltools.gnu-tools-for-stm32.10.3-2021.10.linux64_1.0.200.202301161003/tools/bin/../lib/gcc/arm-none-eabi/10.3.1/thumb/v7e-m+fp/hard/crtbegin.o
LOAD /opt/st/stm32cubeide_1.12.1/plugins/com.st.stm32cube.ide.mcu.externaltools.gnu-tools-for-stm32.10.3-2021.10.linux64_1.0.200.202301161003/tools/bin/../lib/gcc/arm-none-eabi/10.3.1/../../../../arm-none-eabi/lib/thumb/v7e-m+fp/hard/crt0.o
LOAD ./Core/Src/can_callbacks.o
LOAD ./Core/Src/main.o
LOAD ./Core/Src/stm32f7xx_hal_msp.o
LOAD ./Core/Src/stm32f7xx_it.o
LOAD ./Core/Src/syscalls.o
LOAD ./Core/Src/sysmem.o
LOAD ./Core/Src/system_stm32f7xx.o
LOAD ./Core/Startup/startup_stm32f750z8tx.o
LOAD ./Drivers/STM32F7xx_HAL_Driver/Src/stm32f7xx_hal.o
LOAD ./Drivers/STM32F7xx_HAL_Driver/Src/stm32f7xx_hal_can.o
LOAD ./Drivers/STM32F7xx_HAL_Driver/Src/stm32f7xx_hal_cortex.o
LOAD ./Drivers/STM32F7xx_HAL_Driver/Src/stm32f7xx_hal_dma.o
LOAD ./Drivers/STM32F7xx_HAL_Driver/Src/stm32f7xx_hal_dma_ex.o
LOAD ./Drivers/STM32F7xx_HAL_Driver/Src/stm32f7xx_hal_exti.o
LOAD ./Drivers/STM32F7xx_HAL_Driver/Src/stm32f7xx_hal_flash.o
LOAD ./Drivers/STM32F7xx_HAL_Driver/Src/stm32f7xx_hal_flash_ex.o
LOAD ./Drivers/STM32F7xx_HAL_Driver/Src/stm32f7xx_hal_gpio.o
LOAD ./Drivers/STM32F7xx_HAL_Driver/Src/stm32f7xx_hal_i2c.o
LOAD ./Drivers/STM32F7xx_HAL_Driver/Src/stm32f7xx_hal_i2c_ex.o
LOAD ./Drivers/STM32F7xx_HAL_Driver/Src/stm32f7xx_hal_pwr.o
LOAD ./Drivers/STM32F7xx_HAL_Driver/Src/stm32f7xx_hal_pwr_ex.o
LOAD ./Drivers/STM32F7xx_HAL_Driver/Src/stm32f7xx_hal_qspi.o
LOAD ./Drivers/STM32F7xx_HAL_Driver/Src/stm32f7xx_hal_rcc.o
LOAD ./Drivers/STM32F7xx_HAL_Driver/Src/stm32f7xx_hal_rcc_ex.o
LOAD ./Drivers/STM32F7xx_HAL_Driver/Src/stm32f7xx_hal_spi.o
LOAD ./Drivers/STM32F7xx_HAL_Driver/Src/stm32f7xx_hal_spi_ex.o
LOAD ./Drivers/STM32F7xx_HAL_Driver/Src/stm32f7xx_hal_tim.o
LOAD ./Drivers/STM32F7xx_HAL_Driver/Src/stm32f7xx_hal_tim_ex.o
START GROUP
LOAD /opt/st/stm32cubeide_1.12.1/plugins/com.st.stm32cube.ide.mcu.externaltools.gnu-tools-for-stm32.10.3-2021.10.linux64_1.0.200.202301161003/tools/bin/../lib/gcc/arm-none-eabi/10.3.1/../../../../arm-none-eabi/lib/thumb/v7e-m+fp/hard/libc_nano.a
LOAD /opt/st/stm32cubeide_1.12.1/plugins/com.st.stm32cube.ide.mcu.externaltools.gnu-tools-for-stm32.10.3-2021.10.linux64_1.0.200.202301161003/tools/bin/../lib/gcc/arm-none-eabi/10.3.1/../../../../arm-none-eabi/lib/thumb/v7e-m+fp/hard/libm.a
END GROUP
START GROUP
LOAD /opt/st/stm32cubeide_1.12.1/plugins/com.st.stm32cube.ide.mcu.externaltools.gnu-tools-for-stm32.10.3-2021.10.linux64_1.0.200.202301161003/tools/bin/../lib/gcc/arm-none-eabi/10.3.1/thumb/v7e-m+fp/hard/libgcc.a
LOAD /opt/st/stm32cubeide_1.12.1/plugins/com.st.stm32cube.ide.mcu.externaltools.gnu-tools-for-stm32.10.3-2021.10.linux64_1.0.200.202301161003/tools/bin/../lib/gcc/arm-none-eabi/10.3.1/../../../../arm-none-eabi/lib/thumb/v7e-m+fp/hard/libc_nano.a
END GROUP
START GROUP
LOAD /opt/st/stm32cubeide_1.12.1/plugins/com.st.stm32cube.ide.mcu.externaltools.gnu-tools-for-stm32.10.3-2021.10.linux64_1.0.200.202301161003/tools/bin/../lib/gcc/arm-none-eabi/10.3.1/thumb/v7e-m+fp/hard/libgcc.a
LOAD /opt/st/stm32cubeide_1.12.1/plugins/com.st.stm32cube.ide.mcu.externaltools.gnu-tools-for-stm32.10.3-2021.10.linux64_1.0.200.202301161003/tools/bin/../lib/gcc/arm-none-eabi/10.3.1/../../../../arm-none-eabi/lib/thumb/v7e-m+fp/hard/libc_nano.a
LOAD /opt/st/stm32cubeide_1.12.1/plugins/com.st.stm32cube.ide.mcu.externaltools.gnu-tools-for-stm32.10.3-2021.10.linux64_1.0.200.202301161003/tools/bin/../lib/gcc/arm-none-eabi/10.3.1/../../../../arm-none-eabi/lib/thumb/v7e-m+fp/hard/libnosys.a
END GROUP
START GROUP
LOAD /opt/st/stm32cubeide_1.12.1/plugins/com.st.stm32cube.ide.mcu.externaltools.gnu-tools-for-stm32.10.3-2021.10.linux64_1.0.200.202301161003/tools/bin/../lib/gcc/arm-none-eabi/10.3.1/thumb/v7e-m+fp/hard/libgcc.a
LOAD /opt/st/stm32cubeide_1.12.1/plugins/com.st.stm32cube.ide.mcu.externaltools.gnu-tools-for-stm32.10.3-2021.10.linux64_1.0.200.202301161003/tools/bin/../lib/gcc/arm-none-eabi/10.3.1/../../../../arm-none-eabi/lib/thumb/v7e-m+fp/hard/libc_nano.a
LOAD /opt/st/stm32cubeide_1.12.1/plugins/com.st.stm32cube.ide.mcu.externaltools.gnu-tools-for-stm32.10.3-2021.10.linux64_1.0.200.202301161003/tools/bin/../lib/gcc/arm-none-eabi/10.3.1/../../../../arm-none-eabi/lib/thumb/v7e-m+fp/hard/libnosys.a
END GROUP
LOAD /opt/st/stm32cubeide_1.12.1/plugins/com.st.stm32cube.ide.mcu.externaltools.gnu-tools-for-stm32.10.3-2021.10.linux64_1.0.200.202301161003/tools/bin/../lib/gcc/arm-none-eabi/10.3.1/thumb/v7e-m+fp/hard/crtend.o
LOAD /opt/st/stm32cubeide_1.12.1/plugins/com.st.stm32cube.ide.mcu.externaltools.gnu-tools-for-stm32.10.3-2021.10.linux64_1.0.200.202301161003/tools/bin/../lib/gcc/arm-none-eabi/10.3.1/thumb/v7e-m+fp/hard/crtn.o
                0x0000000020050000                _estack = (ORIGIN (RAM) + LENGTH (RAM))
                0x0000000000000200                _Min_Heap_Size = 0x200
                0x0000000000000400                _Min_Stack_Size = 0x400

.isr_vector     0x0000000008000000      0x1c8
                0x0000000008000000                . = ALIGN (0x4)
 *(.isr_vector)
 .isr_vector    0x0000000008000000      0x1c8 ./Core/Startup/startup_stm32f750z8tx.o
                0x0000000008000000                g_pfnVectors
                0x00000000080001c8                . = ALIGN (0x4)

.text           0x00000000080001c8     0x2a60
                0x00000000080001c8                . = ALIGN (0x4)
 *(.text)
 .text          0x00000000080001c8       0x40 /opt/st/stm32cubeide_1.12.1/plugins/com.st.stm32cube.ide.mcu.externaltools.gnu-tools-for-stm32.10.3-2021.10.linux64_1.0.200.202301161003/tools/bin/../lib/gcc/arm-none-eabi/10.3.1/thumb/v7e-m+fp/hard/crtbegin.o
 .text          0x0000000008000208       0x30 /opt/st/stm32cubeide_1.12.1/plugins/com.st.stm32cube.ide.mcu.externaltools.gnu-tools-for-stm32.10.3-2021.10.linux64_1.0.200.202301161003/tools/bin/../lib/gcc/arm-none-eabi/10.3.1/thumb/v7e-m+fp/hard/libgcc.a(_aeabi_uldivmod.o)
                0x0000000008000208                __aeabi_uldivmod
 .text          0x0000000008000238      0x2d0 /opt/st/stm32cubeide_1.12.1/plugins/com.st.stm32cube.ide.mcu.externaltools.gnu-tools-for-stm32.10.3-2021.10.linux64_1.0.200.202301161003/tools/bin/../lib/gcc/arm-none-eabi/10.3.1/thumb/v7e-m+fp/hard/libgcc.a(_udivmoddi4.o)
                0x0000000008000238                __udivmoddi4
 .text          0x0000000008000508        0x4 /opt/st/stm32cubeide_1.12.1/plugins/com.st.stm32cube.ide.mcu.externaltools.gnu-tools-for-stm32.10.3-2021.10.linux64_1.0.200.202301161003/tools/bin/../lib/gcc/arm-none-eabi/10.3.1/thumb/v7e-m+fp/hard/libgcc.a(_dvmd_tls.o)
                0x0000000008000508                __aeabi_ldiv0
                0x0000000008000508                __aeabi_idiv0
 *(.text*)
 .text.HAL_CAN_RxFifo0MsgPendingCallback
                0x000000000800050c       0x2a ./Core/Src/can_callbacks.o
                0x000000000800050c                HAL_CAN_RxFifo0MsgPendingCallback
 *fill*         0x0000000008000536        0x2 
 .text.main     0x0000000008000538       0x68 ./Core/Src/main.o
                0x0000000008000538                main
 .text.SystemClock_Config
                0x00000000080005a0       0xd8 ./Core/Src/main.o
                0x00000000080005a0                SystemClock_Config
 .text.MX_CAN1_Init
                0x0000000008000678       0xcc ./Core/Src/main.o
 .text.MX_QUADSPI_Init
                0x0000000008000744       0x58 ./Core/Src/main.o
 .text.MX_SPI2_Init
                0x000000000800079c       0x7c ./Core/Src/main.o
 .text.MX_GPIO_Init
                0x0000000008000818       0xb8 ./Core/Src/main.o
 .text.Error_Handler
                0x00000000080008d0        0xa ./Core/Src/main.o
                0x00000000080008d0                Error_Handler
 *fill*         0x00000000080008da        0x2 
 .text.HAL_MspInit
                0x00000000080008dc       0x48 ./Core/Src/stm32f7xx_hal_msp.o
                0x00000000080008dc                HAL_MspInit
 .text.HAL_CAN_MspInit
                0x0000000008000924       0x98 ./Core/Src/stm32f7xx_hal_msp.o
                0x0000000008000924                HAL_CAN_MspInit
 .text.HAL_QSPI_MspInit
                0x00000000080009bc      0x104 ./Core/Src/stm32f7xx_hal_msp.o
                0x00000000080009bc                HAL_QSPI_MspInit
 .text.HAL_SPI_MspInit
                0x0000000008000ac0       0xc4 ./Core/Src/stm32f7xx_hal_msp.o
                0x0000000008000ac0                HAL_SPI_MspInit
 .text.NMI_Handler
                0x0000000008000b84        0x6 ./Core/Src/stm32f7xx_it.o
                0x0000000008000b84                NMI_Handler
 .text.HardFault_Handler
                0x0000000008000b8a        0x6 ./Core/Src/stm32f7xx_it.o
                0x0000000008000b8a                HardFault_Handler
 .text.MemManage_Handler
                0x0000000008000b90        0x6 ./Core/Src/stm32f7xx_it.o
                0x0000000008000b90                MemManage_Handler
 .text.BusFault_Handler
                0x0000000008000b96        0x6 ./Core/Src/stm32f7xx_it.o
                0x0000000008000b96                BusFault_Handler
 .text.UsageFault_Handler
                0x0000000008000b9c        0x6 ./Core/Src/stm32f7xx_it.o
                0x0000000008000b9c                UsageFault_Handler
 .text.SVC_Handler
                0x0000000008000ba2        0xe ./Core/Src/stm32f7xx_it.o
                0x0000000008000ba2                SVC_Handler
 .text.DebugMon_Handler
                0x0000000008000bb0        0xe ./Core/Src/stm32f7xx_it.o
                0x0000000008000bb0                DebugMon_Handler
 .text.PendSV_Handler
                0x0000000008000bbe        0xe ./Core/Src/stm32f7xx_it.o
                0x0000000008000bbe                PendSV_Handler
 .text.SysTick_Handler
                0x0000000008000bcc        0xc ./Core/Src/stm32f7xx_it.o
                0x0000000008000bcc                SysTick_Handler
 .text.CAN1_RX0_IRQHandler
                0x0000000008000bd8       0x14 ./Core/Src/stm32f7xx_it.o
                0x0000000008000bd8                CAN1_RX0_IRQHandler
 .text.SystemInit
                0x0000000008000bec       0x24 ./Core/Src/system_stm32f7xx.o
                0x0000000008000bec                SystemInit
 .text.Reset_Handler
                0x0000000008000c10       0x50 ./Core/Startup/startup_stm32f750z8tx.o
                0x0000000008000c10                Reset_Handler
 .text.Default_Handler
                0x0000000008000c60        0x2 ./Core/Startup/startup_stm32f750z8tx.o
                0x0000000008000c60                RTC_Alarm_IRQHandler
                0x0000000008000c60                HASH_RNG_IRQHandler
                0x0000000008000c60                EXTI2_IRQHandler
                0x0000000008000c60                TIM8_CC_IRQHandler
                0x0000000008000c60                UART8_IRQHandler
                0x0000000008000c60                SPI4_IRQHandler
                0x0000000008000c60                TIM1_CC_IRQHandler
                0x0000000008000c60                DMA2_Stream5_IRQHandler
                0x0000000008000c60                DMA1_Stream5_IRQHandler
                0x0000000008000c60                PVD_IRQHandler
                0x0000000008000c60                TAMP_STAMP_IRQHandler
                0x0000000008000c60                CAN2_RX1_IRQHandler
                0x0000000008000c60                EXTI3_IRQHandler
                0x0000000008000c60                TIM8_TRG_COM_TIM14_IRQHandler
                0x0000000008000c60                TIM1_UP_TIM10_IRQHandler
                0x0000000008000c60                TIM8_UP_TIM13_IRQHandler
                0x0000000008000c60                I2C3_ER_IRQHandler
                0x0000000008000c60                EXTI0_IRQHandler
                0x0000000008000c60                I2C2_EV_IRQHandler
                0x0000000008000c60                DMA1_Stream2_IRQHandler
                0x0000000008000c60                FPU_IRQHandler
                0x0000000008000c60                OTG_HS_WKUP_IRQHandler
                0x0000000008000c60                LTDC_ER_IRQHandler
                0x0000000008000c60                CAN2_SCE_IRQHandler
                0x0000000008000c60                DMA2_Stream2_IRQHandler
                0x0000000008000c60                SPI1_IRQHandler
                0x0000000008000c60                TIM6_DAC_IRQHandler
                0x0000000008000c60                TIM1_BRK_TIM9_IRQHandler
                0x0000000008000c60                DCMI_IRQHandler
                0x0000000008000c60                CAN2_RX0_IRQHandler
                0x0000000008000c60                DMA2_Stream3_IRQHandler
                0x0000000008000c60                SAI2_IRQHandler
                0x0000000008000c60                USART6_IRQHandler
                0x0000000008000c60                USART3_IRQHandler
                0x0000000008000c60                CRYP_IRQHandler
                0x0000000008000c60                CAN1_RX1_IRQHandler
                0x0000000008000c60                UART5_IRQHandler
                0x0000000008000c60                DMA2_Stream0_IRQHandler
                0x0000000008000c60                TIM4_IRQHandler
                0x0000000008000c60                QUADSPI_IRQHandler
                0x0000000008000c60                I2C1_EV_IRQHandler
                0x0000000008000c60                DMA1_Stream6_IRQHandler
                0x0000000008000c60                DMA1_Stream1_IRQHandler
                0x0000000008000c60                UART4_IRQHandler
                0x0000000008000c60                TIM3_IRQHandler
                0x0000000008000c60                RCC_IRQHandler
                0x0000000008000c60                TIM8_BRK_TIM12_IRQHandler
                0x0000000008000c60                Default_Handler
                0x0000000008000c60                CEC_IRQHandler
                0x0000000008000c60                EXTI15_10_IRQHandler
                0x0000000008000c60                ADC_IRQHandler
                0x0000000008000c60                DMA1_Stream7_IRQHandler
                0x0000000008000c60                SPI5_IRQHandler
                0x0000000008000c60                TIM7_IRQHandler
                0x0000000008000c60                SDMMC1_IRQHandler
                0x0000000008000c60                CAN2_TX_IRQHandler
                0x0000000008000c60                TIM5_IRQHandler
                0x0000000008000c60                DMA2_Stream7_IRQHandler
                0x0000000008000c60                I2C3_EV_IRQHandler
                0x0000000008000c60                EXTI9_5_IRQHandler
                0x0000000008000c60                RTC_WKUP_IRQHandler
                0x0000000008000c60                LTDC_IRQHandler
                0x0000000008000c60                ETH_WKUP_IRQHandler
                0x0000000008000c60                SPDIF_RX_IRQHandler
                0x0000000008000c60                SPI2_IRQHandler
                0x0000000008000c60                OTG_HS_EP1_IN_IRQHandler
                0x0000000008000c60                DMA1_Stream0_IRQHandler
                0x0000000008000c60                CAN1_TX_IRQHandler
                0x0000000008000c60                EXTI4_IRQHandler
                0x0000000008000c60                ETH_IRQHandler
                0x0000000008000c60                OTG_HS_EP1_OUT_IRQHandler
                0x0000000008000c60                WWDG_IRQHandler
                0x0000000008000c60                SPI6_IRQHandler
                0x0000000008000c60                I2C4_EV_IRQHandler
                0x0000000008000c60                TIM2_IRQHandler
                0x0000000008000c60                OTG_FS_WKUP_IRQHandler
                0x0000000008000c60                TIM1_TRG_COM_TIM11_IRQHandler
                0x0000000008000c60                OTG_HS_IRQHandler
                0x0000000008000c60                DMA2D_IRQHandler
                0x0000000008000c60                EXTI1_IRQHandler
                0x0000000008000c60                UART7_IRQHandler
                0x0000000008000c60                USART2_IRQHandler
                0x0000000008000c60                I2C2_ER_IRQHandler
                0x0000000008000c60                DMA2_Stream1_IRQHandler
                0x0000000008000c60                CAN1_SCE_IRQHandler
                0x0000000008000c60                FLASH_IRQHandler
                0x0000000008000c60                DMA2_Stream4_IRQHandler
                0x0000000008000c60                USART1_IRQHandler
                0x0000000008000c60                OTG_FS_IRQHandler
                0x0000000008000c60                SPI3_IRQHandler
                0x0000000008000c60                DMA1_Stream4_IRQHandler
                0x0000000008000c60                I2C1_ER_IRQHandler
                0x0000000008000c60                FMC_IRQHandler
                0x0000000008000c60                LPTIM1_IRQHandler
                0x0000000008000c60                I2C4_ER_IRQHandler
                0x0000000008000c60                DMA2_Stream6_IRQHandler
                0x0000000008000c60                SAI1_IRQHandler
                0x0000000008000c60                DMA1_Stream3_IRQHandler
 .text.HAL_Init
                0x0000000008000c62       0x1a ./Drivers/STM32F7xx_HAL_Driver/Src/stm32f7xx_hal.o
                0x0000000008000c62                HAL_Init
 .text.HAL_InitTick
                0x0000000008000c7c       0x60 ./Drivers/STM32F7xx_HAL_Driver/Src/stm32f7xx_hal.o
                0x0000000008000c7c                HAL_InitTick
 .text.HAL_IncTick
                0x0000000008000cdc       0x28 ./Drivers/STM32F7xx_HAL_Driver/Src/stm32f7xx_hal.o
                0x0000000008000cdc                HAL_IncTick
 .text.HAL_GetTick
                0x0000000008000d04       0x18 ./Drivers/STM32F7xx_HAL_Driver/Src/stm32f7xx_hal.o
                0x0000000008000d04                HAL_GetTick
 .text.HAL_Delay
                0x0000000008000d1c       0x48 ./Drivers/STM32F7xx_HAL_Driver/Src/stm32f7xx_hal.o
                0x0000000008000d1c                HAL_Delay
 .text.HAL_CAN_Init
                0x0000000008000d64      0x1f6 ./Drivers/STM32F7xx_HAL_Driver/Src/stm32f7xx_hal_can.o
                0x0000000008000d64                HAL_CAN_Init
 *fill*         0x0000000008000f5a        0x2 
 .text.HAL_CAN_ConfigFilter
                0x0000000008000f5c      0x1c0 ./Drivers/STM32F7xx_HAL_Driver/Src/stm32f7xx_hal_can.o
                0x0000000008000f5c                HAL_CAN_ConfigFilter
 .text.HAL_CAN_Start
                0x000000000800111c       0x88 ./Drivers/STM32F7xx_HAL_Driver/Src/stm32f7xx_hal_can.o
                0x000000000800111c                HAL_CAN_Start
 .text.HAL_CAN_AddTxMessage
                0x00000000080011a4      0x1a0 ./Drivers/STM32F7xx_HAL_Driver/Src/stm32f7xx_hal_can.o
                0x00000000080011a4                HAL_CAN_AddTxMessage
 .text.HAL_CAN_GetRxMessage
                0x0000000008001344      0x224 ./Drivers/STM32F7xx_HAL_Driver/Src/stm32f7xx_hal_can.o
                0x0000000008001344                HAL_CAN_GetRxMessage
 .text.HAL_CAN_ActivateNotification
                0x0000000008001568       0x4c ./Drivers/STM32F7xx_HAL_Driver/Src/stm32f7xx_hal_can.o
                0x0000000008001568                HAL_CAN_ActivateNotification
 .text.HAL_CAN_IRQHandler
                0x00000000080015b4      0x36e ./Drivers/STM32F7xx_HAL_Driver/Src/stm32f7xx_hal_can.o
                0x00000000080015b4                HAL_CAN_IRQHandler
 .text.HAL_CAN_TxMailbox0CompleteCallback
                0x0000000008001922       0x14 ./Drivers/STM32F7xx_HAL_Driver/Src/stm32f7xx_hal_can.o
                0x0000000008001922                HAL_CAN_TxMailbox0CompleteCallback
 .text.HAL_CAN_TxMailbox1CompleteCallback
                0x0000000008001936       0x14 ./Drivers/STM32F7xx_HAL_Driver/Src/stm32f7xx_hal_can.o
                0x0000000008001936                HAL_CAN_TxMailbox1CompleteCallback
 .text.HAL_CAN_TxMailbox2CompleteCallback
                0x000000000800194a       0x14 ./Drivers/STM32F7xx_HAL_Driver/Src/stm32f7xx_hal_can.o
                0x000000000800194a                HAL_CAN_TxMailbox2CompleteCallback
 .text.HAL_CAN_TxMailbox0AbortCallback
                0x000000000800195e       0x14 ./Drivers/STM32F7xx_HAL_Driver/Src/stm32f7xx_hal_can.o
                0x000000000800195e                HAL_CAN_TxMailbox0AbortCallback
 .text.HAL_CAN_TxMailbox1AbortCallback
                0x0000000008001972       0x14 ./Drivers/STM32F7xx_HAL_Driver/Src/stm32f7xx_hal_can.o
                0x0000000008001972                HAL_CAN_TxMailbox1AbortCallback
 .text.HAL_CAN_TxMailbox2AbortCallback
                0x0000000008001986       0x14 ./Drivers/STM32F7xx_HAL_Driver/Src/stm32f7xx_hal_can.o
                0x0000000008001986                HAL_CAN_TxMailbox2AbortCallback
 .text.HAL_CAN_RxFifo0FullCallback
                0x000000000800199a       0x14 ./Drivers/STM32F7xx_HAL_Driver/Src/stm32f7xx_hal_can.o
                0x000000000800199a                HAL_CAN_RxFifo0FullCallback
 .text.HAL_CAN_RxFifo1MsgPendingCallback
                0x00000000080019ae       0x14 ./Drivers/STM32F7xx_HAL_Driver/Src/stm32f7xx_hal_can.o
                0x00000000080019ae                HAL_CAN_RxFifo1MsgPendingCallback
 .text.HAL_CAN_RxFifo1FullCallback
                0x00000000080019c2       0x14 ./Drivers/STM32F7xx_HAL_Driver/Src/stm32f7xx_hal_can.o
                0x00000000080019c2                HAL_CAN_RxFifo1FullCallback
 .text.HAL_CAN_SleepCallback
                0x00000000080019d6       0x14 ./Drivers/STM32F7xx_HAL_Driver/Src/stm32f7xx_hal_can.o
                0x00000000080019d6                HAL_CAN_SleepCallback
 .text.HAL_CAN_WakeUpFromRxMsgCallback
                0x00000000080019ea       0x14 ./Drivers/STM32F7xx_HAL_Driver/Src/stm32f7xx_hal_can.o
                0x00000000080019ea                HAL_CAN_WakeUpFromRxMsgCallback
 .text.HAL_CAN_ErrorCallback
                0x00000000080019fe       0x14 ./Drivers/STM32F7xx_HAL_Driver/Src/stm32f7xx_hal_can.o
                0x00000000080019fe                HAL_CAN_ErrorCallback
 *fill*         0x0000000008001a12        0x2 
 .text.__NVIC_SetPriorityGrouping
                0x0000000008001a14       0x48 ./Drivers/STM32F7xx_HAL_Driver/Src/stm32f7xx_hal_cortex.o
 .text.__NVIC_GetPriorityGrouping
                0x0000000008001a5c       0x1c ./Drivers/STM32F7xx_HAL_Driver/Src/stm32f7xx_hal_cortex.o
 .text.__NVIC_EnableIRQ
                0x0000000008001a78       0x3c ./Drivers/STM32F7xx_HAL_Driver/Src/stm32f7xx_hal_cortex.o
 .text.__NVIC_SetPriority
                0x0000000008001ab4       0x54 ./Drivers/STM32F7xx_HAL_Driver/Src/stm32f7xx_hal_cortex.o
 .text.NVIC_EncodePriority
                0x0000000008001b08       0x66 ./Drivers/STM32F7xx_HAL_Driver/Src/stm32f7xx_hal_cortex.o
 *fill*         0x0000000008001b6e        0x2 
 .text.SysTick_Config
                0x0000000008001b70       0x44 ./Drivers/STM32F7xx_HAL_Driver/Src/stm32f7xx_hal_cortex.o
 .text.HAL_NVIC_SetPriorityGrouping
                0x0000000008001bb4       0x16 ./Drivers/STM32F7xx_HAL_Driver/Src/stm32f7xx_hal_cortex.o
                0x0000000008001bb4                HAL_NVIC_SetPriorityGrouping
 .text.HAL_NVIC_SetPriority
                0x0000000008001bca       0x38 ./Drivers/STM32F7xx_HAL_Driver/Src/stm32f7xx_hal_cortex.o
                0x0000000008001bca                HAL_NVIC_SetPriority
 .text.HAL_NVIC_EnableIRQ
                0x0000000008001c02       0x1c ./Drivers/STM32F7xx_HAL_Driver/Src/stm32f7xx_hal_cortex.o
                0x0000000008001c02                HAL_NVIC_EnableIRQ
 .text.HAL_SYSTICK_Config
                0x0000000008001c1e       0x18 ./Drivers/STM32F7xx_HAL_Driver/Src/stm32f7xx_hal_cortex.o
                0x0000000008001c1e                HAL_SYSTICK_Config
 *fill*         0x0000000008001c36        0x2 
 .text.HAL_GPIO_Init
                0x0000000008001c38      0x358 ./Drivers/STM32F7xx_HAL_Driver/Src/stm32f7xx_hal_gpio.o
                0x0000000008001c38                HAL_GPIO_Init
 .text.HAL_PWREx_EnableOverDrive
                0x0000000008001f90       0xa0 ./Drivers/STM32F7xx_HAL_Driver/Src/stm32f7xx_hal_pwr_ex.o
                0x0000000008001f90                HAL_PWREx_EnableOverDrive
 .text.HAL_QSPI_Init
                0x0000000008002030       0xf8 ./Drivers/STM32F7xx_HAL_Driver/Src/stm32f7xx_hal_qspi.o
                0x0000000008002030                HAL_QSPI_Init
 .text.HAL_QSPI_SetTimeout
                0x0000000008002128       0x1c ./Drivers/STM32F7xx_HAL_Driver/Src/stm32f7xx_hal_qspi.o
                0x0000000008002128                HAL_QSPI_SetTimeout
 .text.QSPI_WaitFlagStateUntilTimeout
                0x0000000008002144       0x6e ./Drivers/STM32F7xx_HAL_Driver/Src/stm32f7xx_hal_qspi.o
 *fill*         0x00000000080021b2        0x2 
 .text.HAL_RCC_OscConfig
                0x00000000080021b4      0x548 ./Drivers/STM32F7xx_HAL_Driver/Src/stm32f7xx_hal_rcc.o
                0x00000000080021b4                HAL_RCC_OscConfig
 .text.HAL_RCC_ClockConfig
                0x00000000080026fc      0x1d8 ./Drivers/STM32F7xx_HAL_Driver/Src/stm32f7xx_hal_rcc.o
                0x00000000080026fc                HAL_RCC_ClockConfig
 .text.HAL_RCC_GetSysClockFreq
                0x00000000080028d4      0x18c ./Drivers/STM32F7xx_HAL_Driver/Src/stm32f7xx_hal_rcc.o
                0x00000000080028d4                HAL_RCC_GetSysClockFreq
 .text.HAL_SPI_Init
                0x0000000008002a60      0x156 ./Drivers/STM32F7xx_HAL_Driver/Src/stm32f7xx_hal_spi.o
                0x0000000008002a60                HAL_SPI_Init
 *fill*         0x0000000008002bb6        0x2 
 .text.__libc_init_array
                0x0000000008002bb8       0x48 /opt/st/stm32cubeide_1.12.1/plugins/com.st.stm32cube.ide.mcu.externaltools.gnu-tools-for-stm32.10.3-2021.10.linux64_1.0.200.202301161003/tools/bin/../lib/gcc/arm-none-eabi/10.3.1/../../../../arm-none-eabi/lib/thumb/v7e-m+fp/hard/libc_nano.a(lib_a-init.o)
                0x0000000008002bb8                __libc_init_array
 .text.memset   0x0000000008002c00       0x10 /opt/st/stm32cubeide_1.12.1/plugins/com.st.stm32cube.ide.mcu.externaltools.gnu-tools-for-stm32.10.3-2021.10.linux64_1.0.200.202301161003/tools/bin/../lib/gcc/arm-none-eabi/10.3.1/../../../../arm-none-eabi/lib/thumb/v7e-m+fp/hard/libc_nano.a(lib_a-memset.o)
                0x0000000008002c00                memset
 *(.glue_7)
 .glue_7        0x0000000008002c10        0x0 linker stubs
 *(.glue_7t)
 .glue_7t       0x0000000008002c10        0x0 linker stubs
 *(.eh_frame)
 .eh_frame      0x0000000008002c10        0x0 /opt/st/stm32cubeide_1.12.1/plugins/com.st.stm32cube.ide.mcu.externaltools.gnu-tools-for-stm32.10.3-2021.10.linux64_1.0.200.202301161003/tools/bin/../lib/gcc/arm-none-eabi/10.3.1/thumb/v7e-m+fp/hard/crtbegin.o
 *(.init)
 .init          0x0000000008002c10        0x4 /opt/st/stm32cubeide_1.12.1/plugins/com.st.stm32cube.ide.mcu.externaltools.gnu-tools-for-stm32.10.3-2021.10.linux64_1.0.200.202301161003/tools/bin/../lib/gcc/arm-none-eabi/10.3.1/thumb/v7e-m+fp/hard/crti.o
                0x0000000008002c10                _init
 .init          0x0000000008002c14        0x8 /opt/st/stm32cubeide_1.12.1/plugins/com.st.stm32cube.ide.mcu.externaltools.gnu-tools-for-stm32.10.3-2021.10.linux64_1.0.200.202301161003/tools/bin/../lib/gcc/arm-none-eabi/10.3.1/thumb/v7e-m+fp/hard/crtn.o
 *(.fini)
 .fini          0x0000000008002c1c        0x4 /opt/st/stm32cubeide_1.12.1/plugins/com.st.stm32cube.ide.mcu.externaltools.gnu-tools-for-stm32.10.3-2021.10.linux64_1.0.200.202301161003/tools/bin/../lib/gcc/arm-none-eabi/10.3.1/thumb/v7e-m+fp/hard/crti.o
                0x0000000008002c1c                _fini
 .fini          0x0000000008002c20        0x8 /opt/st/stm32cubeide_1.12.1/plugins/com.st.stm32cube.ide.mcu.externaltools.gnu-tools-for-stm32.10.3-2021.10.linux64_1.0.200.202301161003/tools/bin/../lib/gcc/arm-none-eabi/10.3.1/thumb/v7e-m+fp/hard/crtn.o
                0x0000000008002c28                . = ALIGN (0x4)
                0x0000000008002c28                _etext = .

.vfp11_veneer   0x0000000008002c28        0x0
 .vfp11_veneer  0x0000000008002c28        0x0 linker stubs

.v4_bx          0x0000000008002c28        0x0
 .v4_bx         0x0000000008002c28        0x0 linker stubs

.iplt           0x0000000008002c28        0x0
 .iplt          0x0000000008002c28        0x0 /opt/st/stm32cubeide_1.12.1/plugins/com.st.stm32cube.ide.mcu.externaltools.gnu-tools-for-stm32.10.3-2021.10.linux64_1.0.200.202301161003/tools/bin/../lib/gcc/arm-none-eabi/10.3.1/thumb/v7e-m+fp/hard/crtbegin.o

.rodata         0x0000000008002c28       0x10
                0x0000000008002c28                . = ALIGN (0x4)
 *(.rodata)
 *(.rodata*)
 .rodata.AHBPrescTable
                0x0000000008002c28       0x10 ./Core/Src/system_stm32f7xx.o
                0x0000000008002c28                AHBPrescTable
                0x0000000008002c38                . = ALIGN (0x4)

.ARM.extab      0x0000000008002c38        0x0
                0x0000000008002c38                . = ALIGN (0x4)
 *(.ARM.extab* .gnu.linkonce.armextab.*)
                0x0000000008002c38                . = ALIGN (0x4)

.ARM            0x0000000008002c38        0x8
                0x0000000008002c38                . = ALIGN (0x4)
                0x0000000008002c38                __exidx_start = .
 *(.ARM.exidx*)
 .ARM.exidx     0x0000000008002c38        0x8 /opt/st/stm32cubeide_1.12.1/plugins/com.st.stm32cube.ide.mcu.externaltools.gnu-tools-for-stm32.10.3-2021.10.linux64_1.0.200.202301161003/tools/bin/../lib/gcc/arm-none-eabi/10.3.1/thumb/v7e-m+fp/hard/libgcc.a(_udivmoddi4.o)
                0x0000000008002c40                __exidx_end = .
                0x0000000008002c40                . = ALIGN (0x4)

.rel.dyn        0x0000000008002c40        0x0
 .rel.iplt      0x0000000008002c40        0x0 /opt/st/stm32cubeide_1.12.1/plugins/com.st.stm32cube.ide.mcu.externaltools.gnu-tools-for-stm32.10.3-2021.10.linux64_1.0.200.202301161003/tools/bin/../lib/gcc/arm-none-eabi/10.3.1/thumb/v7e-m+fp/hard/crtbegin.o

.preinit_array  0x0000000008002c40        0x0
                0x0000000008002c40                . = ALIGN (0x4)
                0x0000000008002c40                PROVIDE (__preinit_array_start = .)
 *(.preinit_array*)
                0x0000000008002c40                PROVIDE (__preinit_array_end = .)
                0x0000000008002c40                . = ALIGN (0x4)

.init_array     0x0000000008002c40        0x4
                0x0000000008002c40                . = ALIGN (0x4)
                0x0000000008002c40                PROVIDE (__init_array_start = .)
 *(SORT_BY_NAME(.init_array.*))
 *(.init_array*)
 .init_array    0x0000000008002c40        0x4 /opt/st/stm32cubeide_1.12.1/plugins/com.st.stm32cube.ide.mcu.externaltools.gnu-tools-for-stm32.10.3-2021.10.linux64_1.0.200.202301161003/tools/bin/../lib/gcc/arm-none-eabi/10.3.1/thumb/v7e-m+fp/hard/crtbegin.o
                0x0000000008002c44                PROVIDE (__init_array_end = .)
                0x0000000008002c44                . = ALIGN (0x4)

.fini_array     0x0000000008002c44        0x4
                0x0000000008002c44                . = ALIGN (0x4)
                [!provide]                        PROVIDE (__fini_array_start = .)
 *(SORT_BY_NAME(.fini_array.*))
 *(.fini_array*)
 .fini_array    0x0000000008002c44        0x4 /opt/st/stm32cubeide_1.12.1/plugins/com.st.stm32cube.ide.mcu.externaltools.gnu-tools-for-stm32.10.3-2021.10.linux64_1.0.200.202301161003/tools/bin/../lib/gcc/arm-none-eabi/10.3.1/thumb/v7e-m+fp/hard/crtbegin.o
                [!provide]                        PROVIDE (__fini_array_end = .)
                0x0000000008002c48                . = ALIGN (0x4)
                0x0000000008002c48                _sidata = LOADADDR (.data)

.data           0x0000000020000000        0xc load address 0x0000000008002c48
                0x0000000020000000                . = ALIGN (0x4)
                0x0000000020000000                _sdata = .
 *(.data)
 *(.data*)
 .data.SystemCoreClock
                0x0000000020000000        0x4 ./Core/Src/system_stm32f7xx.o
                0x0000000020000000                SystemCoreClock
 .data.uwTickPrio
                0x0000000020000004        0x4 ./Drivers/STM32F7xx_HAL_Driver/Src/stm32f7xx_hal.o
                0x0000000020000004                uwTickPrio
 .data.uwTickFreq
                0x0000000020000008        0x1 ./Drivers/STM32F7xx_HAL_Driver/Src/stm32f7xx_hal.o
                0x0000000020000008                uwTickFreq
 *(.RamFunc)
 *(.RamFunc*)
                0x000000002000000c                . = ALIGN (0x4)
 *fill*         0x0000000020000009        0x3 
                0x000000002000000c                _edata = .

.igot.plt       0x000000002000000c        0x0 load address 0x0000000008002c54
 .igot.plt      0x000000002000000c        0x0 /opt/st/stm32cubeide_1.12.1/plugins/com.st.stm32cube.ide.mcu.externaltools.gnu-tools-for-stm32.10.3-2021.10.linux64_1.0.200.202301161003/tools/bin/../lib/gcc/arm-none-eabi/10.3.1/thumb/v7e-m+fp/hard/crtbegin.o
                0x000000002000000c                . = ALIGN (0x4)

.bss            0x000000002000000c       0xf8 load address 0x0000000008002c54
                0x000000002000000c                _sbss = .
                0x000000002000000c                __bss_start__ = _sbss
 *(.bss)
 .bss           0x000000002000000c       0x1c /opt/st/stm32cubeide_1.12.1/plugins/com.st.stm32cube.ide.mcu.externaltools.gnu-tools-for-stm32.10.3-2021.10.linux64_1.0.200.202301161003/tools/bin/../lib/gcc/arm-none-eabi/10.3.1/thumb/v7e-m+fp/hard/crtbegin.o
 *(.bss*)
 .bss.hcan1     0x0000000020000028       0x28 ./Core/Src/main.o
                0x0000000020000028                hcan1
 .bss.hqspi     0x0000000020000050       0x4c ./Core/Src/main.o
                0x0000000020000050                hqspi
 .bss.hspi2     0x000000002000009c       0x64 ./Core/Src/main.o
                0x000000002000009c                hspi2
 .bss.uwTick    0x0000000020000100        0x4 ./Drivers/STM32F7xx_HAL_Driver/Src/stm32f7xx_hal.o
                0x0000000020000100                uwTick
 *(COMMON)
                0x0000000020000104                . = ALIGN (0x4)
                0x0000000020000104                _ebss = .
                0x0000000020000104                __bss_end__ = _ebss

._user_heap_stack
                0x0000000020000104      0x604 load address 0x0000000008002c54
                0x0000000020000108                . = ALIGN (0x8)
 *fill*         0x0000000020000104        0x4 
                [!provide]                        PROVIDE (end = .)
                0x0000000020000108                PROVIDE (_end = .)
                0x0000000020000308                . = (. + _Min_Heap_Size)
 *fill*         0x0000000020000108      0x200 
                0x0000000020000708                . = (. + _Min_Stack_Size)
 *fill*         0x0000000020000308      0x400 
                0x0000000020000708                . = ALIGN (0x8)

/DISCARD/
 libc.a(*)
 libm.a(*)
 libgcc.a(*)

.ARM.attributes
                0x0000000000000000       0x30
 *(.ARM.attributes)
 .ARM.attributes
                0x0000000000000000       0x1e /opt/st/stm32cubeide_1.12.1/plugins/com.st.stm32cube.ide.mcu.externaltools.gnu-tools-for-stm32.10.3-2021.10.linux64_1.0.200.202301161003/tools/bin/../lib/gcc/arm-none-eabi/10.3.1/thumb/v7e-m+fp/hard/crti.o
 .ARM.attributes
                0x000000000000001e       0x34 /opt/st/stm32cubeide_1.12.1/plugins/com.st.stm32cube.ide.mcu.externaltools.gnu-tools-for-stm32.10.3-2021.10.linux64_1.0.200.202301161003/tools/bin/../lib/gcc/arm-none-eabi/10.3.1/thumb/v7e-m+fp/hard/crtbegin.o
 .ARM.attributes
                0x0000000000000052       0x34 ./Core/Src/can_callbacks.o
 .ARM.attributes
                0x0000000000000086       0x34 ./Core/Src/main.o
 .ARM.attributes
                0x00000000000000ba       0x34 ./Core/Src/stm32f7xx_hal_msp.o
 .ARM.attributes
                0x00000000000000ee       0x34 ./Core/Src/stm32f7xx_it.o
 .ARM.attributes
                0x0000000000000122       0x34 ./Core/Src/system_stm32f7xx.o
 .ARM.attributes
                0x0000000000000156       0x21 ./Core/Startup/startup_stm32f750z8tx.o
 .ARM.attributes
                0x0000000000000177       0x34 ./Drivers/STM32F7xx_HAL_Driver/Src/stm32f7xx_hal.o
 .ARM.attributes
                0x00000000000001ab       0x34 ./Drivers/STM32F7xx_HAL_Driver/Src/stm32f7xx_hal_can.o
 .ARM.attributes
                0x00000000000001df       0x34 ./Drivers/STM32F7xx_HAL_Driver/Src/stm32f7xx_hal_cortex.o
 .ARM.attributes
                0x0000000000000213       0x34 ./Drivers/STM32F7xx_HAL_Driver/Src/stm32f7xx_hal_gpio.o
 .ARM.attributes
                0x0000000000000247       0x34 ./Drivers/STM32F7xx_HAL_Driver/Src/stm32f7xx_hal_pwr_ex.o
 .ARM.attributes
                0x000000000000027b       0x34 ./Drivers/STM32F7xx_HAL_Driver/Src/stm32f7xx_hal_qspi.o
 .ARM.attributes
                0x00000000000002af       0x34 ./Drivers/STM32F7xx_HAL_Driver/Src/stm32f7xx_hal_rcc.o
 .ARM.attributes
                0x00000000000002e3       0x34 ./Drivers/STM32F7xx_HAL_Driver/Src/stm32f7xx_hal_spi.o
 .ARM.attributes
                0x0000000000000317       0x34 /opt/st/stm32cubeide_1.12.1/plugins/com.st.stm32cube.ide.mcu.externaltools.gnu-tools-for-stm32.10.3-2021.10.linux64_1.0.200.202301161003/tools/bin/../lib/gcc/arm-none-eabi/10.3.1/../../../../arm-none-eabi/lib/thumb/v7e-m+fp/hard/libc_nano.a(lib_a-init.o)
 .ARM.attributes
                0x000000000000034b       0x34 /opt/st/stm32cubeide_1.12.1/plugins/com.st.stm32cube.ide.mcu.externaltools.gnu-tools-for-stm32.10.3-2021.10.linux64_1.0.200.202301161003/tools/bin/../lib/gcc/arm-none-eabi/10.3.1/../../../../arm-none-eabi/lib/thumb/v7e-m+fp/hard/libc_nano.a(lib_a-memset.o)
 .ARM.attributes
                0x000000000000037f       0x1e /opt/st/stm32cubeide_1.12.1/plugins/com.st.stm32cube.ide.mcu.externaltools.gnu-tools-for-stm32.10.3-2021.10.linux64_1.0.200.202301161003/tools/bin/../lib/gcc/arm-none-eabi/10.3.1/thumb/v7e-m+fp/hard/libgcc.a(_aeabi_uldivmod.o)
 .ARM.attributes
                0x000000000000039d       0x34 /opt/st/stm32cubeide_1.12.1/plugins/com.st.stm32cube.ide.mcu.externaltools.gnu-tools-for-stm32.10.3-2021.10.linux64_1.0.200.202301161003/tools/bin/../lib/gcc/arm-none-eabi/10.3.1/thumb/v7e-m+fp/hard/libgcc.a(_udivmoddi4.o)
 .ARM.attributes
                0x00000000000003d1       0x1e /opt/st/stm32cubeide_1.12.1/plugins/com.st.stm32cube.ide.mcu.externaltools.gnu-tools-for-stm32.10.3-2021.10.linux64_1.0.200.202301161003/tools/bin/../lib/gcc/arm-none-eabi/10.3.1/thumb/v7e-m+fp/hard/libgcc.a(_dvmd_tls.o)
 .ARM.attributes
                0x00000000000003ef       0x1e /opt/st/stm32cubeide_1.12.1/plugins/com.st.stm32cube.ide.mcu.externaltools.gnu-tools-for-stm32.10.3-2021.10.linux64_1.0.200.202301161003/tools/bin/../lib/gcc/arm-none-eabi/10.3.1/thumb/v7e-m+fp/hard/crtn.o
OUTPUT(dashboard.elf elf32-littlearm)
LOAD linker stubs
LOAD /opt/st/stm32cubeide_1.12.1/plugins/com.st.stm32cube.ide.mcu.externaltools.gnu-tools-for-stm32.10.3-2021.10.linux64_1.0.200.202301161003/tools/bin/../lib/gcc/arm-none-eabi/10.3.1/../../../../arm-none-eabi/lib/thumb/v7e-m+fp/hard/libc.a
LOAD /opt/st/stm32cubeide_1.12.1/plugins/com.st.stm32cube.ide.mcu.externaltools.gnu-tools-for-stm32.10.3-2021.10.linux64_1.0.200.202301161003/tools/bin/../lib/gcc/arm-none-eabi/10.3.1/../../../../arm-none-eabi/lib/thumb/v7e-m+fp/hard/libm.a
LOAD /opt/st/stm32cubeide_1.12.1/plugins/com.st.stm32cube.ide.mcu.externaltools.gnu-tools-for-stm32.10.3-2021.10.linux64_1.0.200.202301161003/tools/bin/../lib/gcc/arm-none-eabi/10.3.1/thumb/v7e-m+fp/hard/libgcc.a

.debug_info     0x0000000000000000     0xacad
 .debug_info    0x0000000000000000      0x5c2 ./Core/Src/can_callbacks.o
 .debug_info    0x00000000000005c2     0x1595 ./Core/Src/main.o
 .debug_info    0x0000000000001b57     0x1498 ./Core/Src/stm32f7xx_hal_msp.o
 .debug_info    0x0000000000002fef      0x557 ./Core/Src/stm32f7xx_it.o
 .debug_info    0x0000000000003546      0x72c ./Core/Src/system_stm32f7xx.o
 .debug_info    0x0000000000003c72       0x22 ./Core/Startup/startup_stm32f750z8tx.o
 .debug_info    0x0000000000003c94      0xa12 ./Drivers/STM32F7xx_HAL_Driver/Src/stm32f7xx_hal.o
 .debug_info    0x00000000000046a6      0xfe9 ./Drivers/STM32F7xx_HAL_Driver/Src/stm32f7xx_hal_can.o
 .debug_info    0x000000000000568f     0x1060 ./Drivers/STM32F7xx_HAL_Driver/Src/stm32f7xx_hal_cortex.o
 .debug_info    0x00000000000066ef      0x794 ./Drivers/STM32F7xx_HAL_Driver/Src/stm32f7xx_hal_gpio.o
 .debug_info    0x0000000000006e83      0x92e ./Drivers/STM32F7xx_HAL_Driver/Src/stm32f7xx_hal_pwr_ex.o
 .debug_info    0x00000000000077b1     0x135e ./Drivers/STM32F7xx_HAL_Driver/Src/stm32f7xx_hal_qspi.o
 .debug_info    0x0000000000008b0f      0x99c ./Drivers/STM32F7xx_HAL_Driver/Src/stm32f7xx_hal_rcc.o
 .debug_info    0x00000000000094ab     0x1802 ./Drivers/STM32F7xx_HAL_Driver/Src/stm32f7xx_hal_spi.o

.debug_abbrev   0x0000000000000000     0x1b47
 .debug_abbrev  0x0000000000000000      0x194 ./Core/Src/can_callbacks.o
 .debug_abbrev  0x0000000000000194      0x299 ./Core/Src/main.o
 .debug_abbrev  0x000000000000042d      0x221 ./Core/Src/stm32f7xx_hal_msp.o
 .debug_abbrev  0x000000000000064e      0x194 ./Core/Src/stm32f7xx_it.o
 .debug_abbrev  0x00000000000007e2      0x136 ./Core/Src/system_stm32f7xx.o
 .debug_abbrev  0x0000000000000918       0x12 ./Core/Startup/startup_stm32f750z8tx.o
 .debug_abbrev  0x000000000000092a      0x20d ./Drivers/STM32F7xx_HAL_Driver/Src/stm32f7xx_hal.o
 .debug_abbrev  0x0000000000000b37      0x235 ./Drivers/STM32F7xx_HAL_Driver/Src/stm32f7xx_hal_can.o
 .debug_abbrev  0x0000000000000d6c      0x316 ./Drivers/STM32F7xx_HAL_Driver/Src/stm32f7xx_hal_cortex.o
 .debug_abbrev  0x0000000000001082      0x1c4 ./Drivers/STM32F7xx_HAL_Driver/Src/stm32f7xx_hal_gpio.o
 .debug_abbrev  0x0000000000001246      0x1cb ./Drivers/STM32F7xx_HAL_Driver/Src/stm32f7xx_hal_pwr_ex.o
 .debug_abbrev  0x0000000000001411      0x267 ./Drivers/STM32F7xx_HAL_Driver/Src/stm32f7xx_hal_qspi.o
 .debug_abbrev  0x0000000000001678      0x27b ./Drivers/STM32F7xx_HAL_Driver/Src/stm32f7xx_hal_rcc.o
 .debug_abbrev  0x00000000000018f3      0x254 ./Drivers/STM32F7xx_HAL_Driver/Src/stm32f7xx_hal_spi.o

.debug_aranges  0x0000000000000000      0x970
 .debug_aranges
                0x0000000000000000       0x20 ./Core/Src/can_callbacks.o
 .debug_aranges
                0x0000000000000020       0x50 ./Core/Src/main.o
 .debug_aranges
                0x0000000000000070       0x50 ./Core/Src/stm32f7xx_hal_msp.o
 .debug_aranges
                0x00000000000000c0       0x68 ./Core/Src/stm32f7xx_it.o
 .debug_aranges
                0x0000000000000128       0x28 ./Core/Src/system_stm32f7xx.o
 .debug_aranges
                0x0000000000000150       0x28 ./Core/Startup/startup_stm32f750z8tx.o
 .debug_aranges
                0x0000000000000178      0x100 ./Drivers/STM32F7xx_HAL_Driver/Src/stm32f7xx_hal.o
 .debug_aranges
                0x0000000000000278      0x138 ./Drivers/STM32F7xx_HAL_Driver/Src/stm32f7xx_hal_can.o
 .debug_aranges
                0x00000000000003b0      0x118 ./Drivers/STM32F7xx_HAL_Driver/Src/stm32f7xx_hal_cortex.o
 .debug_aranges
                0x00000000000004c8       0x58 ./Drivers/STM32F7xx_HAL_Driver/Src/stm32f7xx_hal_gpio.o
 .debug_aranges
                0x0000000000000520       0x80 ./Drivers/STM32F7xx_HAL_Driver/Src/stm32f7xx_hal_pwr_ex.o
 .debug_aranges
                0x00000000000005a0      0x170 ./Drivers/STM32F7xx_HAL_Driver/Src/stm32f7xx_hal_qspi.o
 .debug_aranges
                0x0000000000000710       0x88 ./Drivers/STM32F7xx_HAL_Driver/Src/stm32f7xx_hal_rcc.o
 .debug_aranges
                0x0000000000000798      0x1d8 ./Drivers/STM32F7xx_HAL_Driver/Src/stm32f7xx_hal_spi.o

.debug_ranges   0x0000000000000000      0x898
 .debug_ranges  0x0000000000000000       0x10 ./Core/Src/can_callbacks.o
 .debug_ranges  0x0000000000000010       0x40 ./Core/Src/main.o
 .debug_ranges  0x0000000000000050       0x40 ./Core/Src/stm32f7xx_hal_msp.o
 .debug_ranges  0x0000000000000090       0x58 ./Core/Src/stm32f7xx_it.o
 .debug_ranges  0x00000000000000e8       0x18 ./Core/Src/system_stm32f7xx.o
 .debug_ranges  0x0000000000000100       0x20 ./Core/Startup/startup_stm32f750z8tx.o
 .debug_ranges  0x0000000000000120       0xf0 ./Drivers/STM32F7xx_HAL_Driver/Src/stm32f7xx_hal.o
 .debug_ranges  0x0000000000000210      0x128 ./Drivers/STM32F7xx_HAL_Driver/Src/stm32f7xx_hal_can.o
 .debug_ranges  0x0000000000000338      0x108 ./Drivers/STM32F7xx_HAL_Driver/Src/stm32f7xx_hal_cortex.o
 .debug_ranges  0x0000000000000440       0x48 ./Drivers/STM32F7xx_HAL_Driver/Src/stm32f7xx_hal_gpio.o
 .debug_ranges  0x0000000000000488       0x70 ./Drivers/STM32F7xx_HAL_Driver/Src/stm32f7xx_hal_pwr_ex.o
 .debug_ranges  0x00000000000004f8      0x160 ./Drivers/STM32F7xx_HAL_Driver/Src/stm32f7xx_hal_qspi.o
 .debug_ranges  0x0000000000000658       0x78 ./Drivers/STM32F7xx_HAL_Driver/Src/stm32f7xx_hal_rcc.o
 .debug_ranges  0x00000000000006d0      0x1c8 ./Drivers/STM32F7xx_HAL_Driver/Src/stm32f7xx_hal_spi.o

.debug_macro    0x0000000000000000    0x250c3
 .debug_macro   0x0000000000000000      0x1ee ./Core/Src/can_callbacks.o
 .debug_macro   0x00000000000001ee      0xa78 ./Core/Src/can_callbacks.o
 .debug_macro   0x0000000000000c66      0x299 ./Core/Src/can_callbacks.o
 .debug_macro   0x0000000000000eff       0x2e ./Core/Src/can_callbacks.o
 .debug_macro   0x0000000000000f2d       0x3b ./Core/Src/can_callbacks.o
 .debug_macro   0x0000000000000f68       0x22 ./Core/Src/can_callbacks.o
 .debug_macro   0x0000000000000f8a       0x8e ./Core/Src/can_callbacks.o
 .debug_macro   0x0000000000001018       0x51 ./Core/Src/can_callbacks.o
 .debug_macro   0x0000000000001069      0x103 ./Core/Src/can_callbacks.o
 .debug_macro   0x000000000000116c       0x6a ./Core/Src/can_callbacks.o
 .debug_macro   0x00000000000011d6      0x1df ./Core/Src/can_callbacks.o
 .debug_macro   0x00000000000013b5       0x1c ./Core/Src/can_callbacks.o
 .debug_macro   0x00000000000013d1       0x22 ./Core/Src/can_callbacks.o
 .debug_macro   0x00000000000013f3       0xd9 ./Core/Src/can_callbacks.o
 .debug_macro   0x00000000000014cc     0x12cd ./Core/Src/can_callbacks.o
 .debug_macro   0x0000000000002799      0x11f ./Core/Src/can_callbacks.o
 .debug_macro   0x00000000000028b8       0x19 ./Core/Src/can_callbacks.o
 .debug_macro   0x00000000000028d1    0x19864 ./Core/Src/can_callbacks.o
 .debug_macro   0x000000000001c135       0x6d ./Core/Src/can_callbacks.o
 .debug_macro   0x000000000001c1a2     0x3749 ./Core/Src/can_callbacks.o
 .debug_macro   0x000000000001f8eb      0x174 ./Core/Src/can_callbacks.o
 .debug_macro   0x000000000001fa5f       0x63 ./Core/Src/can_callbacks.o
 .debug_macro   0x000000000001fac2     0x1939 ./Core/Src/can_callbacks.o
 .debug_macro   0x00000000000213fb      0x6c4 ./Core/Src/can_callbacks.o
 .debug_macro   0x0000000000021abf      0x185 ./Core/Src/can_callbacks.o
 .debug_macro   0x0000000000021c44      0x115 ./Core/Src/can_callbacks.o
 .debug_macro   0x0000000000021d59      0x1fd ./Core/Src/can_callbacks.o
 .debug_macro   0x0000000000021f56       0xa5 ./Core/Src/can_callbacks.o
 .debug_macro   0x0000000000021ffb      0x24f ./Core/Src/can_callbacks.o
 .debug_macro   0x000000000002224a       0x41 ./Core/Src/can_callbacks.o
 .debug_macro   0x000000000002228b       0x58 ./Core/Src/can_callbacks.o
 .debug_macro   0x00000000000222e3      0x236 ./Core/Src/can_callbacks.o
 .debug_macro   0x0000000000022519      0x40f ./Core/Src/can_callbacks.o
 .debug_macro   0x0000000000022928      0x124 ./Core/Src/can_callbacks.o
 .debug_macro   0x0000000000022a4c      0x230 ./Core/Src/can_callbacks.o
 .debug_macro   0x0000000000022c7c       0x12 ./Core/Src/can_callbacks.o
 .debug_macro   0x0000000000022c8e      0x22c ./Core/Src/can_callbacks.o
 .debug_macro   0x0000000000022eba       0x61 ./Core/Src/can_callbacks.o
 .debug_macro   0x0000000000022f1b       0xa5 ./Core/Src/can_callbacks.o
 .debug_macro   0x0000000000022fc0      0x12e ./Core/Src/can_callbacks.o
 .debug_macro   0x00000000000230ee      0x108 ./Core/Src/can_callbacks.o
 .debug_macro   0x00000000000231f6       0x35 ./Core/Src/can_callbacks.o
 .debug_macro   0x000000000002322b      0x2d4 ./Core/Src/can_callbacks.o
 .debug_macro   0x00000000000234ff      0x2fe ./Core/Src/can_callbacks.o
 .debug_macro   0x00000000000237fd      0x14d ./Core/Src/can_callbacks.o
 .debug_macro   0x000000000002394a      0x1ee ./Core/Src/main.o
 .debug_macro   0x0000000000023b38      0x1ee ./Core/Src/stm32f7xx_hal_msp.o
 .debug_macro   0x0000000000023d26      0x1f8 ./Core/Src/stm32f7xx_it.o
 .debug_macro   0x0000000000023f1e      0x1e4 ./Core/Src/system_stm32f7xx.o
 .debug_macro   0x0000000000024102      0x208 ./Drivers/STM32F7xx_HAL_Driver/Src/stm32f7xx_hal.o
 .debug_macro   0x000000000002430a      0x1ec ./Drivers/STM32F7xx_HAL_Driver/Src/stm32f7xx_hal_can.o
 .debug_macro   0x00000000000244f6      0x1e4 ./Drivers/STM32F7xx_HAL_Driver/Src/stm32f7xx_hal_cortex.o
 .debug_macro   0x00000000000246da      0x1ea ./Drivers/STM32F7xx_HAL_Driver/Src/stm32f7xx_hal_gpio.o
 .debug_macro   0x00000000000248c4      0x1fc ./Drivers/STM32F7xx_HAL_Driver/Src/stm32f7xx_hal_pwr_ex.o
 .debug_macro   0x0000000000024ac0      0x208 ./Drivers/STM32F7xx_HAL_Driver/Src/stm32f7xx_hal_qspi.o
 .debug_macro   0x0000000000024cc8      0x208 ./Drivers/STM32F7xx_HAL_Driver/Src/stm32f7xx_hal_rcc.o
 .debug_macro   0x0000000000024ed0      0x1f3 ./Drivers/STM32F7xx_HAL_Driver/Src/stm32f7xx_hal_spi.o

.debug_line     0x0000000000000000     0xa409
 .debug_line    0x0000000000000000      0x6c5 ./Core/Src/can_callbacks.o
 .debug_line    0x00000000000006c5      0x880 ./Core/Src/main.o
 .debug_line    0x0000000000000f45      0x7f8 ./Core/Src/stm32f7xx_hal_msp.o
 .debug_line    0x000000000000173d      0x7a1 ./Core/Src/stm32f7xx_it.o
 .debug_line    0x0000000000001ede      0x746 ./Core/Src/system_stm32f7xx.o
 .debug_line    0x0000000000002624       0x88 ./Core/Startup/startup_stm32f750z8tx.o
 .debug_line    0x00000000000026ac      0x9d7 ./Drivers/STM32F7xx_HAL_Driver/Src/stm32f7xx_hal.o
 .debug_line    0x0000000000003083     0x1111 ./Drivers/STM32F7xx_HAL_Driver/Src/stm32f7xx_hal_can.o
 .debug_line    0x0000000000004194      0xc5d ./Drivers/STM32F7xx_HAL_Driver/Src/stm32f7xx_hal_cortex.o
 .debug_line    0x0000000000004df1      0xb4b ./Drivers/STM32F7xx_HAL_Driver/Src/stm32f7xx_hal_gpio.o
 .debug_line    0x000000000000593c      0x94c ./Drivers/STM32F7xx_HAL_Driver/Src/stm32f7xx_hal_pwr_ex.o
 .debug_line    0x0000000000006288     0x1434 ./Drivers/STM32F7xx_HAL_Driver/Src/stm32f7xx_hal_qspi.o
 .debug_line    0x00000000000076bc      0xe18 ./Drivers/STM32F7xx_HAL_Driver/Src/stm32f7xx_hal_rcc.o
 .debug_line    0x00000000000084d4     0x1f35 ./Drivers/STM32F7xx_HAL_Driver/Src/stm32f7xx_hal_spi.o

.debug_str      0x0000000000000000    0xe5d1a
 .debug_str     0x0000000000000000    0xe2cff ./Core/Src/can_callbacks.o
                                      0xe3403 (size before relaxing)
 .debug_str     0x00000000000e2cff      0x9dc ./Core/Src/main.o
                                      0xe3e1d (size before relaxing)
 .debug_str     0x00000000000e36db      0x687 ./Core/Src/stm32f7xx_hal_msp.o
                                      0xe4109 (size before relaxing)
 .debug_str     0x00000000000e3d62       0xf0 ./Core/Src/stm32f7xx_it.o
                                      0xe33fe (size before relaxing)
 .debug_str     0x00000000000e3e52      0x1a4 ./Core/Src/system_stm32f7xx.o
                                      0xe3333 (size before relaxing)
 .debug_str     0x00000000000e3ff6       0x36 ./Core/Startup/startup_stm32f750z8tx.o
                                         0x62 (size before relaxing)
 .debug_str     0x00000000000e402c      0x402 ./Drivers/STM32F7xx_HAL_Driver/Src/stm32f7xx_hal.o
                                      0xe3cab (size before relaxing)
 .debug_str     0x00000000000e442e      0x3bd ./Drivers/STM32F7xx_HAL_Driver/Src/stm32f7xx_hal_can.o
                                      0xe3939 (size before relaxing)
 .debug_str     0x00000000000e47eb      0x323 ./Drivers/STM32F7xx_HAL_Driver/Src/stm32f7xx_hal_cortex.o
                                      0xe3c96 (size before relaxing)
 .debug_str     0x00000000000e4b0e      0x146 ./Drivers/STM32F7xx_HAL_Driver/Src/stm32f7xx_hal_gpio.o
                                      0xe33f1 (size before relaxing)
 .debug_str     0x00000000000e4c54      0x1d1 ./Drivers/STM32F7xx_HAL_Driver/Src/stm32f7xx_hal_pwr_ex.o
                                      0xe35a2 (size before relaxing)
 .debug_str     0x00000000000e4e25      0x753 ./Drivers/STM32F7xx_HAL_Driver/Src/stm32f7xx_hal_qspi.o
                                      0xe3cce (size before relaxing)
 .debug_str     0x00000000000e5578      0x247 ./Drivers/STM32F7xx_HAL_Driver/Src/stm32f7xx_hal_rcc.o
                                      0xe3695 (size before relaxing)
 .debug_str     0x00000000000e57bf      0x55b ./Drivers/STM32F7xx_HAL_Driver/Src/stm32f7xx_hal_spi.o
                                      0xe3b73 (size before relaxing)

.comment        0x0000000000000000       0x50
 .comment       0x0000000000000000       0x50 ./Core/Src/can_callbacks.o
                                         0x51 (size before relaxing)
 .comment       0x0000000000000050       0x51 ./Core/Src/main.o
 .comment       0x0000000000000050       0x51 ./Core/Src/stm32f7xx_hal_msp.o
 .comment       0x0000000000000050       0x51 ./Core/Src/stm32f7xx_it.o
 .comment       0x0000000000000050       0x51 ./Core/Src/system_stm32f7xx.o
 .comment       0x0000000000000050       0x51 ./Drivers/STM32F7xx_HAL_Driver/Src/stm32f7xx_hal.o
 .comment       0x0000000000000050       0x51 ./Drivers/STM32F7xx_HAL_Driver/Src/stm32f7xx_hal_can.o
 .comment       0x0000000000000050       0x51 ./Drivers/STM32F7xx_HAL_Driver/Src/stm32f7xx_hal_cortex.o
 .comment       0x0000000000000050       0x51 ./Drivers/STM32F7xx_HAL_Driver/Src/stm32f7xx_hal_gpio.o
 .comment       0x0000000000000050       0x51 ./Drivers/STM32F7xx_HAL_Driver/Src/stm32f7xx_hal_pwr_ex.o
 .comment       0x0000000000000050       0x51 ./Drivers/STM32F7xx_HAL_Driver/Src/stm32f7xx_hal_qspi.o
 .comment       0x0000000000000050       0x51 ./Drivers/STM32F7xx_HAL_Driver/Src/stm32f7xx_hal_rcc.o
 .comment       0x0000000000000050       0x51 ./Drivers/STM32F7xx_HAL_Driver/Src/stm32f7xx_hal_spi.o

.debug_frame    0x0000000000000000     0x264c
 .debug_frame   0x0000000000000000       0x34 ./Core/Src/can_callbacks.o
 .debug_frame   0x0000000000000034       0xec ./Core/Src/main.o
 .debug_frame   0x0000000000000120      0x110 ./Core/Src/stm32f7xx_hal_msp.o
 .debug_frame   0x0000000000000230      0x120 ./Core/Src/stm32f7xx_it.o
 .debug_frame   0x0000000000000350       0x58 ./Core/Src/system_stm32f7xx.o
 .debug_frame   0x00000000000003a8      0x3b4 ./Drivers/STM32F7xx_HAL_Driver/Src/stm32f7xx_hal.o
 .debug_frame   0x000000000000075c      0x5a0 ./Drivers/STM32F7xx_HAL_Driver/Src/stm32f7xx_hal_can.o
 .debug_frame   0x0000000000000cfc      0x498 ./Drivers/STM32F7xx_HAL_Driver/Src/stm32f7xx_hal_cortex.o
 .debug_frame   0x0000000000001194      0x14c ./Drivers/STM32F7xx_HAL_Driver/Src/stm32f7xx_hal_gpio.o
 .debug_frame   0x00000000000012e0      0x1c8 ./Drivers/STM32F7xx_HAL_Driver/Src/stm32f7xx_hal_pwr_ex.o
 .debug_frame   0x00000000000014a8      0x6a0 ./Drivers/STM32F7xx_HAL_Driver/Src/stm32f7xx_hal_qspi.o
 .debug_frame   0x0000000000001b48      0x1f8 ./Drivers/STM32F7xx_HAL_Driver/Src/stm32f7xx_hal_rcc.o
 .debug_frame   0x0000000000001d40      0x860 ./Drivers/STM32F7xx_HAL_Driver/Src/stm32f7xx_hal_spi.o
 .debug_frame   0x00000000000025a0       0x2c /opt/st/stm32cubeide_1.12.1/plugins/com.st.stm32cube.ide.mcu.externaltools.gnu-tools-for-stm32.10.3-2021.10.linux64_1.0.200.202301161003/tools/bin/../lib/gcc/arm-none-eabi/10.3.1/../../../../arm-none-eabi/lib/thumb/v7e-m+fp/hard/libc_nano.a(lib_a-init.o)
 .debug_frame   0x00000000000025cc       0x20 /opt/st/stm32cubeide_1.12.1/plugins/com.st.stm32cube.ide.mcu.externaltools.gnu-tools-for-stm32.10.3-2021.10.linux64_1.0.200.202301161003/tools/bin/../lib/gcc/arm-none-eabi/10.3.1/../../../../arm-none-eabi/lib/thumb/v7e-m+fp/hard/libc_nano.a(lib_a-memset.o)
 .debug_frame   0x00000000000025ec       0x2c /opt/st/stm32cubeide_1.12.1/plugins/com.st.stm32cube.ide.mcu.externaltools.gnu-tools-for-stm32.10.3-2021.10.linux64_1.0.200.202301161003/tools/bin/../lib/gcc/arm-none-eabi/10.3.1/thumb/v7e-m+fp/hard/libgcc.a(_aeabi_uldivmod.o)
 .debug_frame   0x0000000000002618       0x34 /opt/st/stm32cubeide_1.12.1/plugins/com.st.stm32cube.ide.mcu.externaltools.gnu-tools-for-stm32.10.3-2021.10.linux64_1.0.200.202301161003/tools/bin/../lib/gcc/arm-none-eabi/10.3.1/thumb/v7e-m+fp/hard/libgcc.a(_udivmoddi4.o)
